C:\Users\TURAJU\Desktop\new project\onlineEducation 3\onlineEducation\teacher\src\main\java\com\teacher\entity\Teacher.java
C:\Users\TURAJU\Desktop\new project\onlineEducation 3\onlineEducation\teacher\src\main\java\com\teacher\controller\TeacherController.java
C:\Users\TURAJU\Desktop\new project\onlineEducation 3\onlineEducation\teacher\src\main\java\com\teacher\exception\GlobalExceptionHandler.java
C:\Users\TURAJU\Desktop\new project\onlineEducation 3\onlineEducation\teacher\src\main\java\com\teacher\service\TeacherServiceImp.java
C:\Users\TURAJU\Desktop\new project\onlineEducation 3\onlineEducation\teacher\src\main\java\com\teacher\repository\TeacherRepository.java
C:\Users\TURAJU\Desktop\new project\onlineEducation 3\onlineEducation\teacher\src\main\java\com\teacher\exception\ResourceNotFoundException.java
C:\Users\TURAJU\Desktop\new project\onlineEducation 3\onlineEducation\teacher\src\main\java\com\teacher\CorsConfig.java
C:\Users\TURAJU\Desktop\new project\onlineEducation 3\onlineEducation\teacher\src\main\java\com\teacher\service\TeacherService.java
C:\Users\TURAJU\Desktop\new project\onlineEducation 3\onlineEducation\teacher\src\main\java\com\teacher\TeacherApplication.java
